[
  {
    "Id": 14043,
    "Featured": false,
    "Title": "SpaceX to launch “next-generation satellite-servicing vehicle” for Northrop Grumman",
    "ImageUrl": "https://www.teslarati.com/wp-content/uploads/2022/02/MEVMEP.4K4002-crop-c.jpg",
    "NewsSite": "Teslarati"
  },
  {
    "Id": 14042,
    "Featured": false,
    "Title": "Lynk reveals mobile network contracts",
    "ImageUrl": "https://spacenews.com/wp-content/uploads/2022/02/rsz_lynk.jpg",
    "NewsSite": "SpaceNews"
  },
  {
    "Id": 14040,
    "Featured": false,
    "Title": "Washington state space economy more than doubles",
    "ImageUrl": "https://spacenews.com/wp-content/uploads/2020/03/Starlink-470x470.jpg",
    "NewsSite": "SpaceNews"
  },
  {
    "Id": 14039,
    "Featured": false,
    "Title": "U.S. and international partners to share launch cost of new communications satellite",
    "ImageUrl": "https://spacenews.com/wp-content/uploads/2020/10/WGS-11_BeautyShot_FINAL-copy-253x253.jpg",
    "NewsSite": "SpaceNews"
  },
  {
    "Id": 14038,
    "Featured": false,
    "Title": "U.S. and allies to strengthen cooperation in space",
    "ImageUrl": "https://spacenews.com/wp-content/uploads/2022/02/180928-D-XX000-228.jpg",
    "NewsSite": "SpaceNews"
  },
  {
    "Id": 14037,
    "Featured": false,
    "Title": "NASA to Provide Media Update on Artemis I Moon Mission",
    "ImageUrl": "https://www.nasa.gov/sites/default/files/thumbnails/image/ksc-20220119-ph-csh01_0016_large.jpeg?itok=iIJTdmca",
    "NewsSite": "NASA"
  },
  {
    "Id": 14035,
    "Featured": false,
    "Title": "With eyes on reuse, Relativity plans rapid transition to Terran R engines",
    "ImageUrl": "https://cdn.arstechnica.net/wp-content/uploads/2022/02/E4B-Thumbnail-1-3.png",
    "NewsSite": "Arstechnica"
  },
  {
    "Id": 14034,
    "Featured": false,
    "Title": "CAPSTONE lunar cubesat mission to launch this spring",
    "ImageUrl": "https://spacenews.com/wp-content/uploads/2021/08/capstone.jpg",
    "NewsSite": "SpaceNews"
  },
  {
    "Id": 14033,
    "Featured": false,
    "Title": "SpaceX to send retired Starship to local Texas airport, says Elon Musk",
    "ImageUrl": "https://www.teslarati.com/wp-content/uploads/2022/02/Starbase-022022-NASASpaceflight-bocachicagal-S22-B5-SN15-SN16-4-crop-c.jpg",
    "NewsSite": "Teslarati"
  },
  {
    "Id": 14041,
    "Featured": false,
    "Title": "Virgin Galactic on schedule to start commercial human suborbital flights this year",
    "ImageUrl": "https://spacenews.com/wp-content/uploads/2020/02/ss2-spaceportamerica.jpg",
    "NewsSite": "SpaceNews"
  }
]
