[
  {
    "Id": 0,
    "Featured": false,
    "Title": null,
    "ImageUrl": null,
    "NewsSite": null
  },
  {
    "Id": 0,
    "Featured": false,
    "Title": null,
    "ImageUrl": null,
    "NewsSite": null
  },
  {
    "Id": 0,
    "Featured": false,
    "Title": null,
    "ImageUrl": null,
    "NewsSite": null
  },
  {
    "Id": 0,
    "Featured": false,
    "Title": null,
    "ImageUrl": null,
    "NewsSite": null
  },
  {
    "Id": 0,
    "Featured": false,
    "Title": null,
    "ImageUrl": null,
    "NewsSite": null
  },
  {
    "Id": 0,
    "Featured": false,
    "Title": null,
    "ImageUrl": null,
    "NewsSite": null
  },
  {
    "Id": 0,
    "Featured": false,
    "Title": null,
    "ImageUrl": null,
    "NewsSite": null
  },
  {
    "Id": 0,
    "Featured": false,
    "Title": null,
    "ImageUrl": null,
    "NewsSite": null
  },
  {
    "Id": 0,
    "Featured": false,
    "Title": null,
    "ImageUrl": null,
    "NewsSite": null
  },
  {
    "Id": 0,
    "Featured": false,
    "Title": null,
    "ImageUrl": null,
    "NewsSite": null
  }
]
